
> telegramkanali@0.1.0 build
> next build

Ôû▓ Next.js 16.1.6 (Turbopack)
- Environments: .env.local

node.exe : ÔÜá The "mid
dleware" file conventio
n is deprecated. Please
 use "proxy" instead. L
earn more: https://next
js.org/docs/messages/mi
ddleware-to-proxy
At line:1 char:1
+ & "C:\Program Files\n
odejs/node.exe" "C:\Pro
gram Files\nodejs/node_
mo ...
+ ~~~~~~~~~~~~~~~~~~~~~
~~~~~~~~~~~~~~~~~~~~~~~
~~~~~~~~~~~~~~~~~~~~~~~
~~
    + CategoryInfo     
         : NotSpecifi  
  ed: (ÔÜá The "midd   
 le...leware-to-pro    
xy:String) [], Rem    o
teException
    + FullyQualifiedEr 
   rorId : NativeComm  
  andError
 
  Creating an optimized production build ...
Ô£ô Compiled successfully in 3.7s
  Running TypeScript ...
  Collecting page data using 11 workers ...
  Generating static pages using 11 workers (0/1104) ...
  Generating static pages using 11 workers (276/1104) 
[ADMIN] Blog posts count: 1610
  Generating static pages using 11 workers (552/1104) 
  Generating static pages using 11 workers (828/1104) 
Ô£ô Generating static pages using 11 workers (1104/1104) in 6.5s
  Finalizing page optimization ...

Route (app)
Ôöî ãÆ /
Ôö£ ãÆ /_not-found
Ôö£ ãÆ /[slug]
Ôö£ ãÆ /admin
Ôö£ ãÆ /admin/ads
Ôö£ ãÆ /admin/analytics
Ôö£ ãÆ /admin/banners
Ôö£ Ôùï /admin/blog
Ôö£ ãÆ /admin/blog/[id]
Ôö£ Ôùï /admin/blog/new
Ôö£ ãÆ /admin/bulk-add
Ôö£ Ôùï /admin/campaigns
Ôö£ ãÆ /admin/categories
Ôö£ ãÆ /admin/dashboard
Ôö£ Ôùï /admin/deposits
Ôö£ ãÆ /admin/pages
Ôö£ ãÆ /admin/settings
Ôö£ ãÆ /admin/users
Ôö£ ãÆ /api/update-member-counts
Ôö£ ãÆ /blog
Ôö£ ãÆ /blog/[slug]
Ôö£ Ôùï /dashboard
Ôö£ Ôùï /dashboard/ads
Ôö£ Ôùï /dashboard/billing
Ôö£ Ôùï /dashboard/bot
Ôö£ Ôùï /dashboard/channels
Ôö£ ãÆ /dashboard/kanal-ekle
Ôö£ Ôùï /dashboard/stats
Ôö£ ãÆ /gizlilik
Ôö£ ãÆ /hakkimizda
Ôö£ ãÆ /iletisim
Ôö£ ãÆ /kanal-ekle
Ôö£ ÔùÅ /kanallar/[slug]
Ôöé Ôö£ /kanallar/_-hfsea
Ôöé Ôö£ /kanallar/-
Ôöé Ôö£ /kanallar/--
Ôöé Ôöö [+996 more paths]
Ôö£ ãÆ /kullanim-sartlari
Ôö£ ãÆ /login
Ôö£ ãÆ /one-cikanlar
Ôö£ ãÆ /populer
Ôö£ ãÆ /register
Ôö£ ãÆ /rehber/[slug]
Ôö£ ãÆ /reklam
Ôö£ Ôùï /robots.txt
Ôö£ Ôùï /sitemap.xml
Ôö£ ãÆ /webmaster
Ôöö ãÆ /yeni-eklenenler


ãÆ Proxy (Middleware)

Ôùï  (Static)   prerendered as static content
ÔùÅ  (SSG)      prerendered as static HTML (uses generateStaticParams)
ãÆ  (Dynamic)  server-rendered on demand

